[WrapWithConsumer] 2026-04-15T12:25:15.882858 Plugin WrapWithConsumer threw while analyzing C:\Users\muend\myClaudeCodeProjects\fantastic-journey\lib\core\theme\app_theme.dart:
[WrapWithConsumer] 2026-04-15T12:25:15.882858 InconsistentAnalysisException: Requested result might be inconsistent with previously returned results
[WrapWithConsumer] 2026-04-15T12:25:15.882858
[WrapWithConsumer] 2026-04-15T12:25:15.882858 #0      AnalysisSessionImpl.checkConsistency (package:analyzer/src/dart/analysis/session.dart:54:7)
[WrapWithConsumer] 2026-04-15T12:25:15.882858 #1      AnalysisSessionImpl.getResolvedUnit (package:analyzer/src/dart/analysis/session.dart:129:5)
[WrapWithConsumer] 2026-04-15T12:25:15.882858 #2      ChangeBuilderImpl._createDartFileEditBuilder (package:analyzer_plugin/src/utilities/change_builder/change_builder_core.dart:287:33)
[WrapWithConsumer] 2026-04-15T12:25:15.882858 #3      ChangeBuilderImpl.addDartFileEdit (package:analyzer_plugin/src/utilities/change_builder/change_builder_core.dart:136:23)
[WrapWithConsumer] 2026-04-15T12:25:15.882858 #4      _ChangeBuilderImpl.addDartFileEdit (package:custom_lint_core/src/change_reporter.dart:134:33)
[WrapWithConsumer] 2026-04-15T12:25:15.882858 #5      WrapWithConsumer.run.<anonymous closure> (package:riverpod_lint/src/assists/wrap_with_consumer.dart:35:21)
[WrapWithConsumer] 2026-04-15T12:25:15.882858 #6      _rootRunUnary (dart:async/zone_root.dart:56:13)
[WrapWithConsumer] 2026-04-15T12:25:15.882858 #7      _CustomZone.runUnary (dart:async/zone.dart:733:19)
[WrapWithConsumer] 2026-04-15T12:25:15.882858 #8      LinterVisitor._runSubscriptions (package:custom_lint_core/src/node_lint_visitor.g.dart:29:27)
[WrapWithConsumer] 2026-04-15T12:25:15.882858 #9      LinterVisitor.visitInstanceCreationExpression (package:custom_lint_core/src/node_lint_visitor.g.dart:609:5)
[WrapWithConsumer] 2026-04-15T12:25:15.882858 #10     InstanceCreationExpressionImpl.accept (package:analyzer/src/dart/ast/ast.dart:10485:15)
[WrapWithConsumer] 2026-04-15T12:25:15.882858 #11     ExpressionFunctionBodyImpl.visitChildren (package:analyzer/src/dart/ast/ast.dart:6206:17)
[WrapWithConsumer] 2026-04-15T12:25:15.882858 #12     GeneralizingAstVisitor.visitNode (package:analyzer/dart/ast/visitor.dart:535:10)
[WrapWithConsumer] 2026-04-15T12:25:15.882858 #13     LinterVisitor.visitNode (package:custom_lint_core/src/node_lint_visitor.g.dart:784:11)
[WrapWithConsumer] 2026-04-15T12:25:15.882858 #14     GeneralizingAstVisitor.visitFunctionBody (package:analyzer/dart/ast/visitor.dart:373:46)
[WrapWithConsumer] 2026-04-15T12:25:15.882858 #15     LinterVisitor.visitFunctionBody (package:custom_lint_core/src/node_lint_visitor.g.dart:490:11)
[WrapWithConsumer] 2026-04-15T12:25:15.882858 #16     GeneralizingAstVisitor.visitExpressionFunctionBody (package:analyzer/dart/ast/visitor.dart:309:7)
[WrapWithConsumer] 2026-04-15T12:25:15.882858 #17     LinterVisitor.visitExpressionFunctionBody (package:custom_lint_core/src/node_lint_visitor.g.dart:376:11)
[WrapWithConsumer] 2026-04-15T12:25:15.882858 #18     ExpressionFunctionBodyImpl.accept (package:analyzer/src/dart/ast/ast.dart:6198:15)
[WrapWithConsumer] 2026-04-15T12:25:15.882858 #19     MethodDeclarationImpl.visitChildren (package:analyzer/src/dart/ast/ast.dart:12149:10)
[WrapWithConsumer] 2026-04-15T12:25:15.882858 #20     GeneralizingAstVisitor.visitNode (package:analyzer/dart/ast/visitor.dart:535:10)
[WrapWithConsumer] 2026-04-15T12:25:15.882858 #21     LinterVisitor.visitNode (package:custom_lint_core/src/node_lint_visitor.g.dart:784:11)
[WrapWithConsumer] 2026-04-15T12:25:15.882858 #22     GeneralizingAstVisitor.visitAnnotatedNode (package:analyzer/dart/ast/visitor.dart:137:48)
[WrapWithConsumer] 2026-04-15T12:25:15.882858 #23     LinterVisitor.visitAnnotatedNode (package:custom_lint_core/src/node_lint_visitor.g.dart:46:11)
[WrapWithConsumer] 2026-04-15T12:25:15.882858 #24     GeneralizingAstVisitor.visitDeclaration (package:analyzer/dart/ast/visitor.dart:260:44)
[WrapWithConsumer] 2026-04-15T12:25:15.882858 #25     LinterVisitor.visitDeclaration (package:custom_lint_core/src/node_lint_visitor.g.dart:286:11)
[WrapWithConsumer] 2026-04-15T12:25:15.882858 #26     GeneralizingAstVisitor.visitClassMember (package:analyzer/dart/ast/visitor.dart:203:44)
[WrapWithConsumer] 2026-04-15T12:25:15.882858 #27     LinterVisitor.visitClassMember (package:custom_lint_core/src/node_lint_visitor.g.dart:172:11)
[WrapWithConsumer] 2026-04-15T12:25:15.882858 #28     GeneralizingAstVisitor.visitMethodDeclaration (package:analyzer/dart/ast/visitor.dart:505:56)
[WrapWithConsumer] 2026-04-15T12:25:15.882858 #29     LinterVisitor.visitMethodDeclaration (package:custom_lint_core/src/node_lint_visitor.g.dart:730:11)
[WrapWithConsumer] 2026-04-15T12:25:15.882858 #30     MethodDeclarationImpl.accept (package:analyzer/src/dart/ast/ast.dart:12141:50)
[WrapWithConsumer] 2026-04-15T12:25:15.882858 #31     NodeListImpl.accept (package:analyzer/src/dart/ast/ast.dart:13022:20)
[WrapWithConsumer] 2026-04-15T12:25:15.882858 #32     ClassDeclarationImpl.visitChildren (package:analyzer/src/dart/ast/ast.dart:2909:13)
[WrapWithConsumer] 2026-04-15T12:25:15.882858 #33     GeneralizingAstVisitor.visitNode (package:analyzer/dart/ast/visitor.dart:535:10)
[WrapWithConsumer] 2026-04-15T12:25:15.882858 #34     LinterVisitor.visitNode (package:custom_lint_core/src/node_lint_visitor.g.dart:784:11)
[WrapWithConsumer] 2026-04-15T12:25:15.882858 #35     GeneralizingAstVisitor.visitAnnotatedNode (package:analyzer/dart/ast/visitor.dart:137:48)
[WrapWithConsumer] 2026-04-15T12:25:15.882858 #36     LinterVisitor.visitAnnotatedNode (package:custom_lint_core/src/node_lint_visitor.g.dart:46:11)
[WrapWithConsumer] 2026-04-15T12:25:15.882858 #37     GeneralizingAstVisitor.visitDeclaration (package:analyzer/dart/ast/visitor.dart:260:44)
[WrapWithConsumer] 2026-04-15T12:25:15.882858 #38     LinterVisitor.visitDeclaration (package:custom_lint_core/src/node_lint_visitor.g.dart:286:11)
[WrapWithConsumer] 2026-04-15T12:25:15.882858 #39     GeneralizingAstVisitor.visitCompilationUnitMember (package:analyzer/dart/ast/visitor.dart:222:7)
[WrapWithConsumer] 2026-04-15T12:25:15.882858 #40     LinterVisitor.visitCompilationUnitMember (package:custom_lint_core/src/node_lint_visitor.g.dart:214:11)
[WrapWithConsumer] 2026-04-15T12:25:15.882858 #41     GeneralizingAstVisitor.visitNamedCompilationUnitMember (package:analyzer/dart/ast/visitor.dart:516:7)
[WrapWithConsumer] 2026-04-15T12:25:15.882858 #42     LinterVisitor.visitNamedCompilationUnitMember (package:custom_lint_core/src/node_lint_visitor.g.dart:748:11)
[WrapWithConsumer] 2026-04-15T12:25:15.882858 #43     GeneralizingAstVisitor.visitClassDeclaration (package:analyzer/dart/ast/visitor.dart:201:7)
[WrapWithConsumer] 2026-04-15T12:25:15.882858 #44     LinterVisitor.visitClassDeclaration (package:custom_lint_core/src/node_lint_visitor.g.dart:166:11)
[WrapWithConsumer] 2026-04-15T12:25:15.882858 #45     ClassDeclarationImpl.accept (package:analyzer/src/dart/ast/ast.dart:2899:50)
[WrapWithConsumer] 2026-04-15T12:25:15.882858 #46     NodeListImpl.accept (package:analyzer/src/dart/ast/ast.dart:13022:20)
[WrapWithConsumer] 2026-04-15T12:25:15.882858 #47     CompilationUnitImpl.visitChildren (package:analyzer/src/dart/ast/ast.dart:3662:21)
[WrapWithConsumer] 2026-04-15T12:25:15.882858 #48     GeneralizingAstVisitor.visitNode (package:analyzer/dart/ast/visitor.dart:535:10)
[WrapWithConsumer] 2026-04-15T12:25:15.882858 #49     LinterVisitor.visitNode (package:custom_lint_core/src/node_lint_visitor.g.dart:784:11)
[WrapWithConsumer] 2026-04-15T12:25:15.882858 #50     GeneralizingAstVisitor.visitCompilationUnit (package:analyzer/dart/ast/visitor.dart:219:52)
[WrapWithConsumer] 2026-04-15T12:25:15.882858 #51     LinterVisitor.visitCompilationUnit (package:custom_lint_core/src/node_lint_visitor.g.dart:208:11)
[WrapWithConsumer] 2026-04-15T12:25:15.882858 #52     CompilationUnitImpl.accept (package:analyzer/src/dart/ast/ast.dart:3655:50)
[WrapWithConsumer] 2026-04-15T12:25:15.882858 #53     DartAssist.startUp.<anonymous closure> (package:custom_lint_core/src/assist.dart:81:17)
[WrapWithConsumer] 2026-04-15T12:25:15.882858 #54     _rootRun (dart:async/zone_root.dart:35:13)
[WrapWithConsumer] 2026-04-15T12:25:15.882858 #55     _CustomZone.run (dart:async/zone.dart:726:19)
[WrapWithConsumer] 2026-04-15T12:25:15.882858 #56     _CustomZone.bindCallback.<anonymous closure> (dart:async/zone.dart:649:23)
[WrapWithConsumer] 2026-04-15T12:25:15.882858 #57     runPostRunCallbacks (package:custom_lint_core/src/plugin_base.dart:16:19)
[WrapWithConsumer] 2026-04-15T12:25:15.882858 #58     _ClientAnalyzerPlugin.handleEditGetAssists (package:custom_lint_builder/src/client.dart:510:5)
[WrapWithConsumer] 2026-04-15T12:25:15.882858 <asynchronous suspension>
[WrapWithConsumer] 2026-04-15T12:25:15.882858 #59     ServerPlugin._getResponse (package:analyzer_plugin/plugin/plugin.dart:556:18)
[WrapWithConsumer] 2026-04-15T12:25:15.882858 <asynchronous suspension>
[WrapWithConsumer] 2026-04-15T12:25:15.882858 #60     ServerPlugin._onRequest (package:analyzer_plugin/plugin/plugin.dart:599:18)
[WrapWithConsumer] 2026-04-15T12:25:15.882858 <asynchronous suspension>
[WrapWithConsumer] 2026-04-15T12:25:15.882858
[WrapWithProviderScope] 2026-04-15T12:25:15.891864 Plugin WrapWithProviderScope threw while analyzing C:\Users\muend\myClaudeCodeProjects\fantastic-journey\lib\core\theme\app_theme.dart:
[WrapWithProviderScope] 2026-04-15T12:25:15.891864 InconsistentAnalysisException: Requested result might be inconsistent with previously returned results
[WrapWithProviderScope] 2026-04-15T12:25:15.891864
[WrapWithProviderScope] 2026-04-15T12:25:15.891864 #0      AnalysisSessionImpl.checkConsistency (package:analyzer/src/dart/analysis/session.dart:54:7)
[WrapWithProviderScope] 2026-04-15T12:25:15.891864 #1      AnalysisSessionImpl.getResolvedUnit (package:analyzer/src/dart/analysis/session.dart:129:5)
[WrapWithProviderScope] 2026-04-15T12:25:15.891864 #2      ChangeBuilderImpl._createDartFileEditBuilder (package:analyzer_plugin/src/utilities/change_builder/change_builder_core.dart:287:33)
[WrapWithProviderScope] 2026-04-15T12:25:15.891864 #3      ChangeBuilderImpl.addDartFileEdit (package:analyzer_plugin/src/utilities/change_builder/change_builder_core.dart:136:23)
[WrapWithProviderScope] 2026-04-15T12:25:15.891864 #4      _ChangeBuilderImpl.addDartFileEdit (package:custom_lint_core/src/change_reporter.dart:134:33)
[WrapWithProviderScope] 2026-04-15T12:25:15.891864 #5      WrapWithProviderScope.run.<anonymous closure> (package:riverpod_lint/src/assists/wrap_with_provider_scope.dart:33:21)
[WrapWithProviderScope] 2026-04-15T12:25:15.891864 #6      _rootRunUnary (dart:async/zone_root.dart:56:13)
[WrapWithProviderScope] 2026-04-15T12:25:15.891864 #7      _CustomZone.runUnary (dart:async/zone.dart:733:19)
[WrapWithProviderScope] 2026-04-15T12:25:15.891864 #8      LinterVisitor._runSubscriptions (package:custom_lint_core/src/node_lint_visitor.g.dart:29:27)
[WrapWithProviderScope] 2026-04-15T12:25:15.891864 #9      LinterVisitor.visitInstanceCreationExpression (package:custom_lint_core/src/node_lint_visitor.g.dart:609:5)
[WrapWithProviderScope] 2026-04-15T12:25:15.891864 #10     InstanceCreationExpressionImpl.accept (package:analyzer/src/dart/ast/ast.dart:10485:15)
[WrapWithProviderScope] 2026-04-15T12:25:15.891864 #11     ExpressionFunctionBodyImpl.visitChildren (package:analyzer/src/dart/ast/ast.dart:6206:17)
[WrapWithProviderScope] 2026-04-15T12:25:15.891864 #12     GeneralizingAstVisitor.visitNode (package:analyzer/dart/ast/visitor.dart:535:10)
[WrapWithProviderScope] 2026-04-15T12:25:15.891864 #13     LinterVisitor.visitNode (package:custom_lint_core/src/node_lint_visitor.g.dart:784:11)
[WrapWithProviderScope] 2026-04-15T12:25:15.891864 #14     GeneralizingAstVisitor.visitFunctionBody (package:analyzer/dart/ast/visitor.dart:373:46)
[WrapWithProviderScope] 2026-04-15T12:25:15.891864 #15     LinterVisitor.visitFunctionBody (package:custom_lint_core/src/node_lint_visitor.g.dart:490:11)
[WrapWithProviderScope] 2026-04-15T12:25:15.891864 #16     GeneralizingAstVisitor.visitExpressionFunctionBody (package:analyzer/dart/ast/visitor.dart:309:7)
[WrapWithProviderScope] 2026-04-15T12:25:15.891864 #17     LinterVisitor.visitExpressionFunctionBody (package:custom_lint_core/src/node_lint_visitor.g.dart:376:11)
[WrapWithProviderScope] 2026-04-15T12:25:15.891864 #18     ExpressionFunctionBodyImpl.accept (package:analyzer/src/dart/ast/ast.dart:6198:15)
[WrapWithProviderScope] 2026-04-15T12:25:15.891864 #19     MethodDeclarationImpl.visitChildren (package:analyzer/src/dart/ast/ast.dart:12149:10)
[WrapWithProviderScope] 2026-04-15T12:25:15.891864 #20     GeneralizingAstVisitor.visitNode (package:analyzer/dart/ast/visitor.dart:535:10)
[WrapWithProviderScope] 2026-04-15T12:25:15.891864 #21     LinterVisitor.visitNode (package:custom_lint_core/src/node_lint_visitor.g.dart:784:11)
[WrapWithProviderScope] 2026-04-15T12:25:15.891864 #22     GeneralizingAstVisitor.visitAnnotatedNode (package:analyzer/dart/ast/visitor.dart:137:48)
[WrapWithProviderScope] 2026-04-15T12:25:15.891864 #23     LinterVisitor.visitAnnotatedNode (package:custom_lint_core/src/node_lint_visitor.g.dart:46:11)
[WrapWithProviderScope] 2026-04-15T12:25:15.891864 #24     GeneralizingAstVisitor.visitDeclaration (package:analyzer/dart/ast/visitor.dart:260:44)
[WrapWithProviderScope] 2026-04-15T12:25:15.891864 #25     LinterVisitor.visitDeclaration (package:custom_lint_core/src/node_lint_visitor.g.dart:286:11)
[WrapWithProviderScope] 2026-04-15T12:25:15.891864 #26     GeneralizingAstVisitor.visitClassMember (package:analyzer/dart/ast/visitor.dart:203:44)
[WrapWithProviderScope] 2026-04-15T12:25:15.891864 #27     LinterVisitor.visitClassMember (package:custom_lint_core/src/node_lint_visitor.g.dart:172:11)
[WrapWithProviderScope] 2026-04-15T12:25:15.891864 #28     GeneralizingAstVisitor.visitMethodDeclaration (package:analyzer/dart/ast/visitor.dart:505:56)
[WrapWithProviderScope] 2026-04-15T12:25:15.891864 #29     LinterVisitor.visitMethodDeclaration (package:custom_lint_core/src/node_lint_visitor.g.dart:730:11)
[WrapWithProviderScope] 2026-04-15T12:25:15.891864 #30     MethodDeclarationImpl.accept (package:analyzer/src/dart/ast/ast.dart:12141:50)
[WrapWithProviderScope] 2026-04-15T12:25:15.891864 #31     NodeListImpl.accept (package:analyzer/src/dart/ast/ast.dart:13022:20)
[WrapWithProviderScope] 2026-04-15T12:25:15.891864 #32     ClassDeclarationImpl.visitChildren (package:analyzer/src/dart/ast/ast.dart:2909:13)
[WrapWithProviderScope] 2026-04-15T12:25:15.891864 #33     GeneralizingAstVisitor.visitNode (package:analyzer/dart/ast/visitor.dart:535:10)
[WrapWithProviderScope] 2026-04-15T12:25:15.891864 #34     LinterVisitor.visitNode (package:custom_lint_core/src/node_lint_visitor.g.dart:784:11)
[WrapWithProviderScope] 2026-04-15T12:25:15.891864 #35     GeneralizingAstVisitor.visitAnnotatedNode (package:analyzer/dart/ast/visitor.dart:137:48)
[WrapWithProviderScope] 2026-04-15T12:25:15.891864 #36     LinterVisitor.visitAnnotatedNode (package:custom_lint_core/src/node_lint_visitor.g.dart:46:11)
[WrapWithProviderScope] 2026-04-15T12:25:15.891864 #37     GeneralizingAstVisitor.visitDeclaration (package:analyzer/dart/ast/visitor.dart:260:44)
[WrapWithProviderScope] 2026-04-15T12:25:15.891864 #38     LinterVisitor.visitDeclaration (package:custom_lint_core/src/node_lint_visitor.g.dart:286:11)
[WrapWithProviderScope] 2026-04-15T12:25:15.891864 #39     GeneralizingAstVisitor.visitCompilationUnitMember (package:analyzer/dart/ast/visitor.dart:222:7)
[WrapWithProviderScope] 2026-04-15T12:25:15.891864 #40     LinterVisitor.visitCompilationUnitMember (package:custom_lint_core/src/node_lint_visitor.g.dart:214:11)
[WrapWithProviderScope] 2026-04-15T12:25:15.891864 #41     GeneralizingAstVisitor.visitNamedCompilationUnitMember (package:analyzer/dart/ast/visitor.dart:516:7)
[WrapWithProviderScope] 2026-04-15T12:25:15.891864 #42     LinterVisitor.visitNamedCompilationUnitMember (package:custom_lint_core/src/node_lint_visitor.g.dart:748:11)
[WrapWithProviderScope] 2026-04-15T12:25:15.891864 #43     GeneralizingAstVisitor.visitClassDeclaration (package:analyzer/dart/ast/visitor.dart:201:7)
[WrapWithProviderScope] 2026-04-15T12:25:15.891864 #44     LinterVisitor.visitClassDeclaration (package:custom_lint_core/src/node_lint_visitor.g.dart:166:11)
[WrapWithProviderScope] 2026-04-15T12:25:15.891864 #45     ClassDeclarationImpl.accept (package:analyzer/src/dart/ast/ast.dart:2899:50)
[WrapWithProviderScope] 2026-04-15T12:25:15.891864 #46     NodeListImpl.accept (package:analyzer/src/dart/ast/ast.dart:13022:20)
[WrapWithProviderScope] 2026-04-15T12:25:15.891864 #47     CompilationUnitImpl.visitChildren (package:analyzer/src/dart/ast/ast.dart:3662:21)
[WrapWithProviderScope] 2026-04-15T12:25:15.891864 #48     GeneralizingAstVisitor.visitNode (package:analyzer/dart/ast/visitor.dart:535:10)
[WrapWithProviderScope] 2026-04-15T12:25:15.891864 #49     LinterVisitor.visitNode (package:custom_lint_core/src/node_lint_visitor.g.dart:784:11)
[WrapWithProviderScope] 2026-04-15T12:25:15.891864 #50     GeneralizingAstVisitor.visitCompilationUnit (package:analyzer/dart/ast/visitor.dart:219:52)
[WrapWithProviderScope] 2026-04-15T12:25:15.891864 #51     LinterVisitor.visitCompilationUnit (package:custom_lint_core/src/node_lint_visitor.g.dart:208:11)
[WrapWithProviderScope] 2026-04-15T12:25:15.891864 #52     CompilationUnitImpl.accept (package:analyzer/src/dart/ast/ast.dart:3655:50)
[WrapWithProviderScope] 2026-04-15T12:25:15.891864 #53     DartAssist.startUp.<anonymous closure> (package:custom_lint_core/src/assist.dart:81:17)
[WrapWithProviderScope] 2026-04-15T12:25:15.891864 #54     _rootRun (dart:async/zone_root.dart:35:13)
[WrapWithProviderScope] 2026-04-15T12:25:15.891864 #55     _CustomZone.run (dart:async/zone.dart:726:19)
[WrapWithProviderScope] 2026-04-15T12:25:15.891864 #56     _CustomZone.bindCallback.<anonymous closure> (dart:async/zone.dart:649:23)
[WrapWithProviderScope] 2026-04-15T12:25:15.891864 #57     runPostRunCallbacks (package:custom_lint_core/src/plugin_base.dart:16:19)
[WrapWithProviderScope] 2026-04-15T12:25:15.891864 #58     _ClientAnalyzerPlugin.handleEditGetAssists (package:custom_lint_builder/src/client.dart:510:5)
[WrapWithProviderScope] 2026-04-15T12:25:15.891864 <asynchronous suspension>
[WrapWithProviderScope] 2026-04-15T12:25:15.891864 #59     ServerPlugin._getResponse (package:analyzer_plugin/plugin/plugin.dart:556:18)
[WrapWithProviderScope] 2026-04-15T12:25:15.891864 <asynchronous suspension>
[WrapWithProviderScope] 2026-04-15T12:25:15.891864 #60     ServerPlugin._onRequest (package:analyzer_plugin/plugin/plugin.dart:599:18)
[WrapWithProviderScope] 2026-04-15T12:25:15.891864 <asynchronous suspension>
[WrapWithProviderScope] 2026-04-15T12:25:15.891864
